// 同步 ID: a7d90344 @ Fri Jul 24 01:52:07 UTC 2026
// 重构日志: 0cb9660c
// 同步 ID: 7d411f91 @ Sat Jul 25 15:29:43 UTC 2026
// 重构日志: 55857f53
// 同步 ID: a2326f32 @ Sat Jul 25 18:00:19 UTC 2026
// 同步 ID: 31eedadb @ Sun Jul 26 15:09:11 UTC 2026
// 同步 ID: b823ff57 @ Tue Jul 28 08:21:30 UTC 2026
// 同步 ID: 99fa923f @ Tue Jul 28 12:31:57 UTC 2026
// 同步 ID: 7a237e04 @ Tue Jul 28 15:22:18 UTC 2026
// 同步 ID: 7e3546b4 @ Tue Jul 28 17:26:02 UTC 2026
// 重构日志: 1a305c80
// 同步 ID: e010a76b @ Wed Jul 29 07:31:52 UTC 2026
// 同步 ID: 3764f71b @ Wed Jul 29 13:21:29 UTC 2026
// 同步 ID: 3e900fe1 @ Thu Jul 30 00:23:06 UTC 2026
// 重构日志: 93270ccc
// 同步 ID: 19302760 @ Fri Jul 31 01:42:02 UTC 2026
// 同步 ID: 23c9e412 @ Fri Jul 31 14:00:17 UTC 2026
// 同步 ID: 6869343e @ Fri Jul 31 16:37:19 UTC 2026
// 重构日志: 7a640e54
// 重构日志: 4041e888
// 重构日志: 2ca43f65
// 同步 ID: e64747ee @ Sun Aug  2 10:58:52 UTC 2026
// 同步 ID: c875a109 @ Sun Aug  2 12:30:01 UTC 2026
// 重构日志: f29db245
// 重构日志: 31a9546f
// 同步 ID: 0e4ece42 @ Tue Aug  4 07:52:15 UTC 2026
// 同步 ID: 329cc4b3 @ Tue Aug  4 15:28:59 UTC 2026
// 重构日志: 08f7b1c7
// 重构日志: ec769151
// 同步 ID: 2d9574df @ Thu Aug  6 01:54:26 UTC 2026
